
> workspace@0.0.0 typecheck C:\Users\cex\Downloads\Hostinger-Affiliate
> corepack pnpm run typecheck:libs && corepack pnpm -r --filter "./artifacts/**" --filter "./scripts" --if-present run typecheck


> workspace@0.0.0 typecheck:libs C:\Users\cex\Downloads\Hostinger-Affiliate
> corepack pnpm exec tsc --build

(node:20776) [DEP0169] DeprecationWarning: `url.parse()` behavior is not standardized and prone to errors that have security implications. Use the WHATWG URL API instead. CVEs are not issued for `url.parse()` vulnerabilities.
(Use `node --trace-deprecation ...` to show where the warning was created)
Scope: 4 of 9 workspace projects
artifacts/affiliate-deals typecheck$ tsc -p tsconfig.json --noEmit
artifacts/api-server typecheck$ tsc -p tsconfig.json --noEmit
artifacts/mockup-sandbox typecheck$ tsc -p tsconfig.json --noEmit
scripts typecheck$ tsc -p tsconfig.json --noEmit
scripts typecheck: Done
artifacts/api-server typecheck: Done
artifacts/mockup-sandbox typecheck: Done
artifacts/affiliate-deals typecheck: Done
